mode: set
antigravity-engine/internal/backtest/v3/backtest_validation.go:70.87,72.17 2 1
antigravity-engine/internal/backtest/v3/backtest_validation.go:72.17,74.3 1 0
antigravity-engine/internal/backtest/v3/backtest_validation.go:75.2,75.21 1 1
antigravity-engine/internal/backtest/v3/backtest_validation.go:75.21,77.3 1 1
antigravity-engine/internal/backtest/v3/backtest_validation.go:79.2,85.26 2 1
antigravity-engine/internal/backtest/v3/backtest_validation.go:85.26,89.33 2 1
antigravity-engine/internal/backtest/v3/backtest_validation.go:89.33,91.4 1 1
antigravity-engine/internal/backtest/v3/backtest_validation.go:94.3,94.35 1 1
antigravity-engine/internal/backtest/v3/backtest_validation.go:94.35,96.4 1 1
antigravity-engine/internal/backtest/v3/backtest_validation.go:99.3,99.33 1 1
antigravity-engine/internal/backtest/v3/backtest_validation.go:99.33,101.4 1 1
antigravity-engine/internal/backtest/v3/backtest_validation.go:104.3,104.33 1 1
antigravity-engine/internal/backtest/v3/backtest_validation.go:104.33,106.4 1 0
antigravity-engine/internal/backtest/v3/backtest_validation.go:108.3,112.50 5 1
antigravity-engine/internal/backtest/v3/backtest_validation.go:115.2,123.26 7 1
antigravity-engine/internal/backtest/v3/backtest_validation.go:123.26,124.37 1 1
antigravity-engine/internal/backtest/v3/backtest_validation.go:124.37,126.4 1 0
antigravity-engine/internal/backtest/v3/backtest_validation.go:128.2,138.29 4 1
antigravity-engine/internal/backtest/v3/backtest_validation.go:138.29,143.3 1 1
antigravity-engine/internal/backtest/v3/backtest_validation.go:144.2,144.20 1 0
antigravity-engine/internal/backtest/v3/backtest_validation.go:149.120,151.31 2 0
antigravity-engine/internal/backtest/v3/backtest_validation.go:151.31,153.3 1 0
antigravity-engine/internal/backtest/v3/backtest_validation.go:155.2,156.27 2 0
antigravity-engine/internal/backtest/v3/backtest_validation.go:156.27,158.10 2 0
antigravity-engine/internal/backtest/v3/backtest_validation.go:158.10,159.12 1 0
antigravity-engine/internal/backtest/v3/backtest_validation.go:161.3,164.19 4 0
antigravity-engine/internal/backtest/v3/backtest_validation.go:164.19,167.4 2 0
antigravity-engine/internal/backtest/v3/backtest_validation.go:168.3,181.5 1 0
antigravity-engine/internal/backtest/v3/backtest_validation.go:184.2,184.29 1 0
antigravity-engine/internal/backtest/v3/commission_engine.go:66.80,68.9 2 1
antigravity-engine/internal/backtest/v3/commission_engine.go:68.9,70.3 1 0
antigravity-engine/internal/backtest/v3/commission_engine.go:71.2,72.9 2 1
antigravity-engine/internal/backtest/v3/commission_engine.go:72.9,74.3 1 0
antigravity-engine/internal/backtest/v3/commission_engine.go:75.2,75.78 1 1
antigravity-engine/internal/backtest/v3/commission_engine.go:91.99,93.25 2 1
antigravity-engine/internal/backtest/v3/commission_engine.go:93.25,95.3 1 1
antigravity-engine/internal/backtest/v3/commission_engine.go:95.8,97.3 1 1
antigravity-engine/internal/backtest/v3/commission_engine.go:98.2,106.3 2 1
antigravity-engine/internal/backtest/v3/commission_engine.go:110.115,125.2 5 1
antigravity-engine/internal/backtest/v3/commission_engine.go:128.58,130.2 1 0
antigravity-engine/internal/backtest/v3/config.go:48.29,72.2 1 1
antigravity-engine/internal/backtest/v3/engine.go:33.95,44.2 1 1
antigravity-engine/internal/backtest/v3/engine.go:47.55,50.27 3 1
antigravity-engine/internal/backtest/v3/engine.go:50.27,52.3 1 1
antigravity-engine/internal/backtest/v3/engine.go:53.2,53.26 1 1
antigravity-engine/internal/backtest/v3/engine.go:53.26,55.3 1 0
antigravity-engine/internal/backtest/v3/engine.go:56.2,56.27 1 1
antigravity-engine/internal/backtest/v3/engine.go:56.27,58.3 1 0
antigravity-engine/internal/backtest/v3/engine.go:60.2,64.35 4 1
antigravity-engine/internal/backtest/v3/engine.go:64.35,77.38 7 1
antigravity-engine/internal/backtest/v3/engine.go:77.38,80.4 2 0
antigravity-engine/internal/backtest/v3/engine.go:83.3,85.26 3 1
antigravity-engine/internal/backtest/v3/engine.go:85.26,87.4 1 0
antigravity-engine/internal/backtest/v3/engine.go:90.3,90.47 1 1
antigravity-engine/internal/backtest/v3/engine.go:90.47,91.46 1 1
antigravity-engine/internal/backtest/v3/engine.go:91.46,93.5 1 1
antigravity-engine/internal/backtest/v3/engine.go:97.3,97.34 1 1
antigravity-engine/internal/backtest/v3/engine.go:97.34,98.12 1 0
antigravity-engine/internal/backtest/v3/engine.go:102.3,103.16 2 1
antigravity-engine/internal/backtest/v3/engine.go:103.16,104.12 1 1
antigravity-engine/internal/backtest/v3/engine.go:107.3,107.36 1 1
antigravity-engine/internal/backtest/v3/engine.go:107.36,109.29 2 1
antigravity-engine/internal/backtest/v3/engine.go:109.29,110.42 1 1
antigravity-engine/internal/backtest/v3/engine.go:110.42,111.14 1 0
antigravity-engine/internal/backtest/v3/engine.go:113.5,113.62 1 1
antigravity-engine/internal/backtest/v3/engine.go:113.62,114.14 1 0
antigravity-engine/internal/backtest/v3/engine.go:116.5,116.52 1 1
antigravity-engine/internal/backtest/v3/engine.go:116.52,117.14 1 0
antigravity-engine/internal/backtest/v3/engine.go:119.5,119.54 1 1
antigravity-engine/internal/backtest/v3/engine.go:119.54,120.14 1 0
antigravity-engine/internal/backtest/v3/engine.go:122.5,125.12 4 1
antigravity-engine/internal/backtest/v3/engine.go:125.12,126.14 1 0
antigravity-engine/internal/backtest/v3/engine.go:128.5,129.125 2 1
antigravity-engine/internal/backtest/v3/engine.go:135.2,135.26 1 1
antigravity-engine/internal/backtest/v3/engine.go:135.26,140.47 5 1
antigravity-engine/internal/backtest/v3/engine.go:140.47,142.4 1 0
antigravity-engine/internal/backtest/v3/engine.go:145.2,159.8 5 1
antigravity-engine/internal/backtest/v3/engine.go:174.19,176.39 2 1
antigravity-engine/internal/backtest/v3/engine.go:176.39,178.3 1 0
antigravity-engine/internal/backtest/v3/engine.go:181.2,181.24 1 1
antigravity-engine/internal/backtest/v3/engine.go:181.24,183.3 1 0
antigravity-engine/internal/backtest/v3/engine.go:184.2,193.39 6 1
antigravity-engine/internal/backtest/v3/engine.go:193.39,195.3 1 0
antigravity-engine/internal/backtest/v3/engine.go:198.2,204.23 3 1
antigravity-engine/internal/backtest/v3/engine.go:204.23,207.3 2 0
antigravity-engine/internal/backtest/v3/engine.go:209.2,234.30 5 1
antigravity-engine/internal/backtest/v3/engine.go:234.30,235.25 1 0
antigravity-engine/internal/backtest/v3/engine.go:235.25,237.4 1 0
antigravity-engine/internal/backtest/v3/engine.go:238.3,238.26 1 0
antigravity-engine/internal/backtest/v3/engine.go:242.2,242.23 1 1
antigravity-engine/internal/backtest/v3/engine.go:242.23,243.34 1 1
antigravity-engine/internal/backtest/v3/engine.go:243.34,245.4 1 1
antigravity-engine/internal/backtest/v3/engine.go:245.9,247.4 1 0
antigravity-engine/internal/backtest/v3/engine.go:248.3,248.88 1 1
antigravity-engine/internal/backtest/v3/engine.go:252.2,264.33 4 1
antigravity-engine/internal/backtest/v3/engine.go:264.33,266.3 1 1
antigravity-engine/internal/backtest/v3/engine.go:266.8,268.3 1 0
antigravity-engine/internal/backtest/v3/engine.go:271.2,275.46 3 1
antigravity-engine/internal/backtest/v3/engine.go:275.46,276.25 1 1
antigravity-engine/internal/backtest/v3/engine.go:276.25,278.4 1 0
antigravity-engine/internal/backtest/v3/engine.go:282.2,282.24 1 1
antigravity-engine/internal/backtest/v3/engine.go:282.24,285.3 2 0
antigravity-engine/internal/backtest/v3/engine.go:286.2,313.24 4 1
antigravity-engine/internal/backtest/v3/engine.go:313.24,316.3 1 0
antigravity-engine/internal/backtest/v3/engine.go:318.2,318.20 1 1
antigravity-engine/internal/backtest/v3/engine.go:331.3,333.43 2 1
antigravity-engine/internal/backtest/v3/engine.go:333.43,335.3 1 0
antigravity-engine/internal/backtest/v3/engine.go:337.2,367.43 8 1
antigravity-engine/internal/backtest/v3/engine.go:367.43,369.3 1 0
antigravity-engine/internal/backtest/v3/engine.go:370.2,379.43 6 1
antigravity-engine/internal/backtest/v3/engine.go:379.43,381.3 1 0
antigravity-engine/internal/backtest/v3/engine.go:381.8,383.3 1 1
antigravity-engine/internal/backtest/v3/engine.go:386.2,399.17 5 1
antigravity-engine/internal/backtest/v3/engine.go:399.17,401.3 1 0
antigravity-engine/internal/backtest/v3/engine.go:404.2,419.24 15 1
antigravity-engine/internal/backtest/v3/engine.go:419.24,421.3 1 0
antigravity-engine/internal/backtest/v3/engine.go:422.2,424.33 2 1
antigravity-engine/internal/backtest/v3/engine.go:443.51,445.2 1 1
antigravity-engine/internal/backtest/v3/engine.go:447.47,454.2 2 1
antigravity-engine/internal/backtest/v3/engine.go:456.65,461.37 4 1
antigravity-engine/internal/backtest/v3/engine.go:461.37,462.16 1 1
antigravity-engine/internal/backtest/v3/engine.go:462.16,465.4 2 1
antigravity-engine/internal/backtest/v3/engine.go:469.65,470.38 1 1
antigravity-engine/internal/backtest/v3/engine.go:470.38,471.75 1 0
antigravity-engine/internal/backtest/v3/engine.go:471.75,473.4 1 0
antigravity-engine/internal/backtest/v3/engine.go:475.2,475.14 1 1
antigravity-engine/internal/backtest/v3/engine.go:478.39,478.70 1 1
antigravity-engine/internal/backtest/v3/engine.go:480.52,482.38 2 1
antigravity-engine/internal/backtest/v3/engine.go:482.38,483.44 1 0
antigravity-engine/internal/backtest/v3/engine.go:483.44,485.4 1 0
antigravity-engine/internal/backtest/v3/engine.go:485.9,487.4 1 0
antigravity-engine/internal/backtest/v3/engine.go:489.2,489.11 1 1
antigravity-engine/internal/backtest/v3/engine.go:494.78,499.43 4 1
antigravity-engine/internal/backtest/v3/engine.go:499.43,500.35 1 0
antigravity-engine/internal/backtest/v3/engine.go:500.35,503.4 2 0
antigravity-engine/internal/backtest/v3/engine.go:504.3,504.35 1 0
antigravity-engine/internal/backtest/v3/engine.go:504.35,507.4 2 0
antigravity-engine/internal/backtest/v3/engine.go:508.8,509.35 1 1
antigravity-engine/internal/backtest/v3/engine.go:509.35,512.4 2 1
antigravity-engine/internal/backtest/v3/engine.go:513.3,513.35 1 0
antigravity-engine/internal/backtest/v3/engine.go:513.35,516.4 2 0
antigravity-engine/internal/backtest/v3/engine.go:520.2,520.50 1 0
antigravity-engine/internal/backtest/v3/engine.go:520.50,523.3 2 0
antigravity-engine/internal/backtest/v3/engine.go:524.2,524.14 1 0
antigravity-engine/internal/backtest/v3/engine.go:527.41,528.20 1 1
antigravity-engine/internal/backtest/v3/engine.go:528.20,530.3 1 0
antigravity-engine/internal/backtest/v3/engine.go:531.2,531.24 1 1
antigravity-engine/internal/backtest/v3/engine.go:531.24,533.3 1 0
antigravity-engine/internal/backtest/v3/engine.go:534.2,534.32 1 1
antigravity-engine/internal/backtest/v3/engine.go:534.32,536.3 1 0
antigravity-engine/internal/backtest/v3/engine.go:537.2,537.30 1 1
antigravity-engine/internal/backtest/v3/engine.go:537.30,539.3 1 0
antigravity-engine/internal/backtest/v3/engine.go:540.2,540.26 1 1
antigravity-engine/internal/backtest/v3/engine.go:540.26,542.3 1 0
antigravity-engine/internal/backtest/v3/engine.go:543.2,543.25 1 1
antigravity-engine/internal/backtest/v3/engine.go:543.25,545.3 1 0
antigravity-engine/internal/backtest/v3/engine.go:546.2,546.31 1 1
antigravity-engine/internal/backtest/v3/engine.go:546.31,548.3 1 0
antigravity-engine/internal/backtest/v3/engine.go:549.2,549.30 1 1
antigravity-engine/internal/backtest/v3/engine.go:549.30,551.3 1 0
antigravity-engine/internal/backtest/v3/engine.go:552.2,552.33 1 1
antigravity-engine/internal/backtest/v3/engine.go:552.33,554.3 1 0
antigravity-engine/internal/backtest/v3/engine.go:555.2,555.37 1 1
antigravity-engine/internal/backtest/v3/engine.go:555.37,557.3 1 0
antigravity-engine/internal/backtest/v3/engine.go:558.2,558.48 1 1
antigravity-engine/internal/backtest/v3/engine.go:558.48,560.3 1 1
antigravity-engine/internal/backtest/v3/engine.go:561.2,561.46 1 1
antigravity-engine/internal/backtest/v3/engine.go:561.46,563.3 1 0
antigravity-engine/internal/backtest/v3/engine.go:564.2,564.12 1 1
antigravity-engine/internal/backtest/v3/engine.go:567.88,568.22 1 1
antigravity-engine/internal/backtest/v3/engine.go:568.22,570.3 1 0
antigravity-engine/internal/backtest/v3/engine.go:571.2,571.38 1 1
antigravity-engine/internal/backtest/v3/engine.go:571.38,573.3 1 0
antigravity-engine/internal/backtest/v3/engine.go:574.2,574.26 1 1
antigravity-engine/internal/backtest/v3/engine.go:574.26,576.3 1 0
antigravity-engine/internal/backtest/v3/engine.go:577.2,577.28 1 1
antigravity-engine/internal/backtest/v3/engine.go:577.28,579.3 1 0
antigravity-engine/internal/backtest/v3/engine.go:580.2,580.12 1 1
antigravity-engine/internal/backtest/v3/engine.go:583.82,587.2 3 1
antigravity-engine/internal/backtest/v3/engine.go:589.52,590.21 1 1
antigravity-engine/internal/backtest/v3/engine.go:590.21,592.3 1 1
antigravity-engine/internal/backtest/v3/engine.go:593.2,593.19 1 0
antigravity-engine/internal/backtest/v3/engine.go:596.49,597.21 1 1
antigravity-engine/internal/backtest/v3/engine.go:597.21,599.3 1 0
antigravity-engine/internal/backtest/v3/engine.go:600.2,600.34 1 1
antigravity-engine/internal/backtest/v3/engine.go:604.46,606.11 2 1
antigravity-engine/internal/backtest/v3/engine.go:606.11,608.3 1 0
antigravity-engine/internal/backtest/v3/engine.go:609.2,611.16 3 1
antigravity-engine/internal/backtest/v3/engine.go:611.16,613.3 1 0
antigravity-engine/internal/backtest/v3/engine.go:614.2,614.39 1 1
antigravity-engine/internal/backtest/v3/engine.go:618.64,621.2 2 0
antigravity-engine/internal/backtest/v3/execution_analytics.go:52.67,53.22 1 1
antigravity-engine/internal/backtest/v3/execution_analytics.go:53.22,55.3 1 0
antigravity-engine/internal/backtest/v3/execution_analytics.go:57.2,66.27 9 1
antigravity-engine/internal/backtest/v3/execution_analytics.go:66.27,77.35 10 1
antigravity-engine/internal/backtest/v3/execution_analytics.go:77.35,79.4 1 0
antigravity-engine/internal/backtest/v3/execution_analytics.go:80.3,84.19 4 1
antigravity-engine/internal/backtest/v3/execution_analytics.go:84.19,88.4 3 1
antigravity-engine/internal/backtest/v3/execution_analytics.go:89.3,89.41 1 1
antigravity-engine/internal/backtest/v3/execution_analytics.go:92.2,100.27 8 1
antigravity-engine/internal/backtest/v3/execution_analytics.go:100.27,104.3 3 1
antigravity-engine/internal/backtest/v3/execution_analytics.go:107.2,107.30 1 1
antigravity-engine/internal/backtest/v3/execution_analytics.go:107.30,114.3 6 1
antigravity-engine/internal/backtest/v3/execution_analytics.go:116.2,117.10 2 1
antigravity-engine/internal/backtest/v3/execution_analytics.go:132.47,168.2 18 1
antigravity-engine/internal/backtest/v3/execution_analytics.go:171.60,184.2 3 0
antigravity-engine/internal/backtest/v3/funding_simulator.go:35.106,37.9 2 1
antigravity-engine/internal/backtest/v3/funding_simulator.go:37.9,39.3 1 0
antigravity-engine/internal/backtest/v3/funding_simulator.go:40.2,40.80 1 1
antigravity-engine/internal/backtest/v3/funding_simulator.go:44.54,46.2 1 1
antigravity-engine/internal/backtest/v3/funding_simulator.go:61.105,69.28 6 1
antigravity-engine/internal/backtest/v3/funding_simulator.go:69.28,71.14 2 1
antigravity-engine/internal/backtest/v3/funding_simulator.go:71.14,73.4 1 1
antigravity-engine/internal/backtest/v3/funding_simulator.go:74.3,77.20 3 1
antigravity-engine/internal/backtest/v3/funding_simulator.go:77.20,79.20 1 1
antigravity-engine/internal/backtest/v3/funding_simulator.go:79.20,81.5 1 1
antigravity-engine/internal/backtest/v3/funding_simulator.go:81.10,83.5 1 0
antigravity-engine/internal/backtest/v3/funding_simulator.go:84.9,86.20 1 1
antigravity-engine/internal/backtest/v3/funding_simulator.go:86.20,88.5 1 1
antigravity-engine/internal/backtest/v3/funding_simulator.go:88.10,90.5 1 0
antigravity-engine/internal/backtest/v3/funding_simulator.go:94.2,96.21 3 1
antigravity-engine/internal/backtest/v3/funding_simulator.go:96.21,98.3 1 1
antigravity-engine/internal/backtest/v3/funding_simulator.go:100.2,101.41 2 1
antigravity-engine/internal/backtest/v3/funding_simulator.go:101.41,104.3 2 1
antigravity-engine/internal/backtest/v3/funding_simulator.go:105.2,105.15 1 1
antigravity-engine/internal/backtest/v3/funding_simulator.go:109.102,116.32 4 1
antigravity-engine/internal/backtest/v3/funding_simulator.go:116.32,118.22 2 1
antigravity-engine/internal/backtest/v3/funding_simulator.go:118.22,120.9 2 1
antigravity-engine/internal/backtest/v3/funding_simulator.go:124.2,124.26 1 1
antigravity-engine/internal/backtest/v3/funding_simulator.go:124.26,127.3 2 1
antigravity-engine/internal/backtest/v3/funding_simulator.go:128.2,128.16 1 1
antigravity-engine/internal/backtest/v3/funding_simulator.go:133.56,137.28 3 1
antigravity-engine/internal/backtest/v3/funding_simulator.go:137.28,139.15 2 1
antigravity-engine/internal/backtest/v3/funding_simulator.go:139.15,141.4 1 0
antigravity-engine/internal/backtest/v3/funding_simulator.go:142.3,142.22 1 1
antigravity-engine/internal/backtest/v3/funding_simulator.go:142.22,145.4 2 1
antigravity-engine/internal/backtest/v3/funding_simulator.go:147.2,147.28 1 1
antigravity-engine/internal/backtest/v3/funding_simulator.go:147.28,149.3 1 1
antigravity-engine/internal/backtest/v3/funding_simulator.go:151.2,151.15 1 1
antigravity-engine/internal/backtest/v3/funding_simulator.go:156.104,164.25 6 1
antigravity-engine/internal/backtest/v3/funding_simulator.go:164.25,173.3 4 1
antigravity-engine/internal/backtest/v3/funding_simulator.go:174.2,174.14 1 1
antigravity-engine/internal/backtest/v3/funding_simulator.go:177.38,178.22 1 1
antigravity-engine/internal/backtest/v3/funding_simulator.go:178.22,180.3 1 0
antigravity-engine/internal/backtest/v3/funding_simulator.go:181.2,182.27 2 1
antigravity-engine/internal/backtest/v3/funding_simulator.go:182.27,184.3 1 1
antigravity-engine/internal/backtest/v3/funding_simulator.go:185.2,185.35 1 1
antigravity-engine/internal/backtest/v3/funding_simulator.go:193.42,195.2 1 1
antigravity-engine/internal/backtest/v3/funding_simulator.go:197.37,202.2 4 1
antigravity-engine/internal/backtest/v3/funding_simulator.go:204.39,206.2 1 1
antigravity-engine/internal/backtest/v3/funding_simulator.go:209.43,212.16 3 1
antigravity-engine/internal/backtest/v3/funding_simulator.go:212.16,214.3 1 0
antigravity-engine/internal/backtest/v3/funding_simulator.go:215.2,215.60 1 1
antigravity-engine/internal/backtest/v3/liquidity_engine.go:65.70,67.9 2 1
antigravity-engine/internal/backtest/v3/liquidity_engine.go:67.9,69.3 1 0
antigravity-engine/internal/backtest/v3/liquidity_engine.go:70.2,70.61 1 1
antigravity-engine/internal/backtest/v3/liquidity_engine.go:74.55,75.73 1 1
antigravity-engine/internal/backtest/v3/liquidity_engine.go:75.73,77.3 1 1
antigravity-engine/internal/backtest/v3/liquidity_engine.go:78.2,78.71 1 1
antigravity-engine/internal/backtest/v3/liquidity_engine.go:82.72,84.2 1 0
antigravity-engine/internal/backtest/v3/liquidity_engine.go:87.51,89.2 1 1
antigravity-engine/internal/backtest/v3/liquidity_engine.go:92.52,94.2 1 0
antigravity-engine/internal/backtest/v3/liquidity_engine.go:116.82,121.2 1 1
antigravity-engine/internal/backtest/v3/liquidity_engine.go:124.69,126.30 2 1
antigravity-engine/internal/backtest/v3/liquidity_engine.go:126.30,127.30 1 1
antigravity-engine/internal/backtest/v3/liquidity_engine.go:127.30,129.4 1 1
antigravity-engine/internal/backtest/v3/liquidity_engine.go:131.2,131.15 1 1
antigravity-engine/internal/backtest/v3/monte_carlo.go:52.83,54.16 2 1
antigravity-engine/internal/backtest/v3/monte_carlo.go:54.16,56.3 1 0
antigravity-engine/internal/backtest/v3/monte_carlo.go:57.2,57.31 1 1
antigravity-engine/internal/backtest/v3/monte_carlo.go:57.31,59.3 1 0
antigravity-engine/internal/backtest/v3/monte_carlo.go:61.2,63.12 3 1
antigravity-engine/internal/backtest/v3/monte_carlo.go:63.12,65.3 1 0
antigravity-engine/internal/backtest/v3/monte_carlo.go:68.2,70.27 3 1
antigravity-engine/internal/backtest/v3/monte_carlo.go:70.27,72.3 1 1
antigravity-engine/internal/backtest/v3/monte_carlo.go:74.2,81.29 7 1
antigravity-engine/internal/backtest/v3/monte_carlo.go:81.29,84.35 2 1
antigravity-engine/internal/backtest/v3/monte_carlo.go:84.35,85.27 1 1
antigravity-engine/internal/backtest/v3/monte_carlo.go:85.27,88.5 2 1
antigravity-engine/internal/backtest/v3/monte_carlo.go:89.9,92.4 2 1
antigravity-engine/internal/backtest/v3/monte_carlo.go:95.3,96.29 2 1
antigravity-engine/internal/backtest/v3/monte_carlo.go:96.29,98.23 2 1
antigravity-engine/internal/backtest/v3/monte_carlo.go:98.23,100.5 1 1
antigravity-engine/internal/backtest/v3/monte_carlo.go:100.10,102.5 1 1
antigravity-engine/internal/backtest/v3/monte_carlo.go:103.4,104.55 2 1
antigravity-engine/internal/backtest/v3/monte_carlo.go:108.3,111.33 4 1
antigravity-engine/internal/backtest/v3/monte_carlo.go:111.33,113.27 2 1
antigravity-engine/internal/backtest/v3/monte_carlo.go:113.27,115.5 1 1
antigravity-engine/internal/backtest/v3/monte_carlo.go:116.4,117.18 2 1
antigravity-engine/internal/backtest/v3/monte_carlo.go:117.18,119.5 1 1
antigravity-engine/internal/backtest/v3/monte_carlo.go:122.3,126.22 4 1
antigravity-engine/internal/backtest/v3/monte_carlo.go:126.22,128.4 1 1
antigravity-engine/internal/backtest/v3/monte_carlo.go:129.3,129.19 1 1
antigravity-engine/internal/backtest/v3/monte_carlo.go:129.19,131.4 1 0
antigravity-engine/internal/backtest/v3/monte_carlo.go:134.3,139.22 4 1
antigravity-engine/internal/backtest/v3/monte_carlo.go:139.22,141.4 1 0
antigravity-engine/internal/backtest/v3/monte_carlo.go:142.3,143.30 2 1
antigravity-engine/internal/backtest/v3/monte_carlo.go:143.30,146.4 2 1
antigravity-engine/internal/backtest/v3/monte_carlo.go:149.2,185.3 5 1
antigravity-engine/internal/backtest/v3/monte_carlo.go:190.56,195.31 3 1
antigravity-engine/internal/backtest/v3/monte_carlo.go:195.31,198.3 2 1
antigravity-engine/internal/backtest/v3/monte_carlo.go:199.2,199.16 1 1
antigravity-engine/internal/backtest/v3/monte_carlo.go:199.16,201.3 1 0
antigravity-engine/internal/backtest/v3/monte_carlo.go:202.2,202.32 1 1
antigravity-engine/internal/backtest/v3/monte_carlo.go:205.46,206.34 1 1
antigravity-engine/internal/backtest/v3/monte_carlo.go:206.34,209.3 2 1
antigravity-engine/internal/backtest/v3/monte_carlo.go:212.52,213.22 1 1
antigravity-engine/internal/backtest/v3/monte_carlo.go:213.22,215.3 1 0
antigravity-engine/internal/backtest/v3/monte_carlo.go:216.2,216.12 1 1
antigravity-engine/internal/backtest/v3/monte_carlo.go:216.12,218.3 1 1
antigravity-engine/internal/backtest/v3/monte_carlo.go:219.2,219.12 1 1
antigravity-engine/internal/backtest/v3/monte_carlo.go:219.12,221.3 1 1
antigravity-engine/internal/backtest/v3/monte_carlo.go:222.2,225.23 4 1
antigravity-engine/internal/backtest/v3/monte_carlo.go:225.23,227.3 1 0
antigravity-engine/internal/backtest/v3/monte_carlo.go:228.2,229.46 2 1
antigravity-engine/internal/backtest/v3/monte_carlo.go:232.42,233.22 1 1
antigravity-engine/internal/backtest/v3/monte_carlo.go:233.22,235.3 1 0
antigravity-engine/internal/backtest/v3/monte_carlo.go:236.2,237.27 2 1
antigravity-engine/internal/backtest/v3/monte_carlo.go:237.27,239.3 1 1
antigravity-engine/internal/backtest/v3/monte_carlo.go:240.2,240.33 1 1
antigravity-engine/internal/backtest/v3/monte_carlo.go:243.39,244.21 1 1
antigravity-engine/internal/backtest/v3/monte_carlo.go:244.21,246.3 1 0
antigravity-engine/internal/backtest/v3/monte_carlo.go:247.2,249.27 3 1
antigravity-engine/internal/backtest/v3/monte_carlo.go:249.27,252.3 2 1
antigravity-engine/internal/backtest/v3/monte_carlo.go:253.2,253.47 1 1
antigravity-engine/internal/backtest/v3/monte_carlo.go:256.50,257.22 1 1
antigravity-engine/internal/backtest/v3/monte_carlo.go:257.22,259.3 1 0
antigravity-engine/internal/backtest/v3/monte_carlo.go:260.2,262.13 3 1
antigravity-engine/internal/backtest/v3/monte_carlo.go:262.13,264.3 1 0
antigravity-engine/internal/backtest/v3/monte_carlo.go:265.2,265.50 1 1
antigravity-engine/internal/backtest/v3/oms_bridge.go:23.68,26.2 2 0
antigravity-engine/internal/backtest/v3/oms_bridge.go:29.143,30.16 1 0
antigravity-engine/internal/backtest/v3/oms_bridge.go:30.16,32.3 1 0
antigravity-engine/internal/backtest/v3/oms_bridge.go:33.2,42.16 3 0
antigravity-engine/internal/backtest/v3/oms_bridge.go:42.16,44.3 1 0
antigravity-engine/internal/backtest/v3/oms_bridge.go:45.2,59.12 3 0
antigravity-engine/internal/backtest/v3/oms_bridge.go:63.167,64.16 1 0
antigravity-engine/internal/backtest/v3/oms_bridge.go:64.16,66.3 1 0
antigravity-engine/internal/backtest/v3/oms_bridge.go:67.2,76.16 3 0
antigravity-engine/internal/backtest/v3/oms_bridge.go:76.16,78.3 1 0
antigravity-engine/internal/backtest/v3/oms_bridge.go:79.2,93.12 3 0
antigravity-engine/internal/backtest/v3/oms_bridge.go:97.138,98.16 1 0
antigravity-engine/internal/backtest/v3/oms_bridge.go:98.16,100.3 1 0
antigravity-engine/internal/backtest/v3/oms_bridge.go:101.2,107.16 3 0
antigravity-engine/internal/backtest/v3/oms_bridge.go:107.16,109.3 1 0
antigravity-engine/internal/backtest/v3/oms_bridge.go:110.2,124.12 3 0
antigravity-engine/internal/backtest/v3/oms_bridge.go:128.128,129.16 1 0
antigravity-engine/internal/backtest/v3/oms_bridge.go:129.16,131.3 1 0
antigravity-engine/internal/backtest/v3/oms_bridge.go:132.2,147.12 4 0
antigravity-engine/internal/backtest/v3/oms_bridge.go:151.178,152.16 1 0
antigravity-engine/internal/backtest/v3/oms_bridge.go:152.16,154.3 1 0
antigravity-engine/internal/backtest/v3/oms_bridge.go:155.2,168.16 3 0
antigravity-engine/internal/backtest/v3/oms_bridge.go:168.16,170.3 1 0
antigravity-engine/internal/backtest/v3/oms_bridge.go:171.2,185.12 3 0
antigravity-engine/internal/backtest/v3/oms_bridge.go:189.80,190.16 1 0
antigravity-engine/internal/backtest/v3/oms_bridge.go:190.16,192.3 1 0
antigravity-engine/internal/backtest/v3/oms_bridge.go:193.2,205.16 3 0
antigravity-engine/internal/backtest/v3/oms_bridge.go:205.16,207.3 1 0
antigravity-engine/internal/backtest/v3/oms_bridge.go:208.2,222.12 3 0
antigravity-engine/internal/backtest/v3/orderbook_simulator.go:30.88,39.35 7 1
antigravity-engine/internal/backtest/v3/orderbook_simulator.go:39.35,47.3 7 1
antigravity-engine/internal/backtest/v3/orderbook_simulator.go:49.2,57.3 1 1
antigravity-engine/internal/backtest/v3/orderbook_simulator.go:61.65,62.21 1 1
antigravity-engine/internal/backtest/v3/orderbook_simulator.go:62.21,64.3 1 0
antigravity-engine/internal/backtest/v3/orderbook_simulator.go:65.2,65.37 1 1
antigravity-engine/internal/backtest/v3/orderbook_simulator.go:65.37,67.3 1 0
antigravity-engine/internal/backtest/v3/orderbook_simulator.go:68.2,70.25 3 1
antigravity-engine/internal/backtest/v3/orderbook_simulator.go:70.25,78.3 7 1
antigravity-engine/internal/backtest/v3/orderbook_simulator.go:82.43,83.23 1 1
antigravity-engine/internal/backtest/v3/orderbook_simulator.go:83.23,85.3 1 0
antigravity-engine/internal/backtest/v3/orderbook_simulator.go:86.2,86.19 1 1
antigravity-engine/internal/backtest/v3/orderbook_simulator.go:90.43,91.23 1 1
antigravity-engine/internal/backtest/v3/orderbook_simulator.go:91.23,93.3 1 0
antigravity-engine/internal/backtest/v3/orderbook_simulator.go:94.2,94.19 1 1
antigravity-engine/internal/backtest/v3/orderbook_simulator.go:98.47,99.44 1 1
antigravity-engine/internal/backtest/v3/orderbook_simulator.go:99.44,101.3 1 0
antigravity-engine/internal/backtest/v3/orderbook_simulator.go:102.2,102.44 1 1
antigravity-engine/internal/backtest/v3/orderbook_simulator.go:106.60,107.28 1 1
antigravity-engine/internal/backtest/v3/orderbook_simulator.go:107.28,109.3 1 0
antigravity-engine/internal/backtest/v3/orderbook_simulator.go:110.2,111.31 2 1
antigravity-engine/internal/backtest/v3/orderbook_simulator.go:111.31,113.3 1 1
antigravity-engine/internal/backtest/v3/orderbook_simulator.go:114.2,114.14 1 1
antigravity-engine/internal/backtest/v3/orderbook_simulator.go:118.60,119.28 1 1
antigravity-engine/internal/backtest/v3/orderbook_simulator.go:119.28,121.3 1 0
antigravity-engine/internal/backtest/v3/orderbook_simulator.go:122.2,123.31 2 1
antigravity-engine/internal/backtest/v3/orderbook_simulator.go:123.31,125.3 1 1
antigravity-engine/internal/backtest/v3/orderbook_simulator.go:126.2,126.14 1 1
antigravity-engine/internal/backtest/v3/orderbook_simulator.go:140.64,142.2 1 1
antigravity-engine/internal/backtest/v3/orderbook_simulator.go:145.64,147.2 1 1
antigravity-engine/internal/backtest/v3/orderbook_simulator.go:149.97,156.29 6 1
antigravity-engine/internal/backtest/v3/orderbook_simulator.go:156.29,157.21 1 1
antigravity-engine/internal/backtest/v3/orderbook_simulator.go:157.21,158.9 1 1
antigravity-engine/internal/backtest/v3/orderbook_simulator.go:160.3,165.19 6 1
antigravity-engine/internal/backtest/v3/orderbook_simulator.go:168.2,169.19 2 1
antigravity-engine/internal/backtest/v3/orderbook_simulator.go:169.19,171.3 1 1
antigravity-engine/internal/backtest/v3/orderbook_simulator.go:173.2,174.32 2 1
antigravity-engine/internal/backtest/v3/orderbook_simulator.go:174.32,175.12 1 1
antigravity-engine/internal/backtest/v3/orderbook_simulator.go:175.12,177.4 1 1
antigravity-engine/internal/backtest/v3/orderbook_simulator.go:177.9,179.4 1 1
antigravity-engine/internal/backtest/v3/orderbook_simulator.go:182.2,189.3 1 1
antigravity-engine/internal/backtest/v3/orderbook_simulator.go:193.74,195.12 2 1
antigravity-engine/internal/backtest/v3/orderbook_simulator.go:195.12,197.3 1 1
antigravity-engine/internal/backtest/v3/orderbook_simulator.go:199.2,200.12 2 1
antigravity-engine/internal/backtest/v3/orderbook_simulator.go:200.12,202.3 1 1
antigravity-engine/internal/backtest/v3/orderbook_simulator.go:204.2,205.29 2 1
antigravity-engine/internal/backtest/v3/orderbook_simulator.go:205.29,206.39 1 1
antigravity-engine/internal/backtest/v3/orderbook_simulator.go:206.39,208.4 1 1
antigravity-engine/internal/backtest/v3/orderbook_simulator.go:208.9,208.47 1 1
antigravity-engine/internal/backtest/v3/orderbook_simulator.go:208.47,210.4 1 1
antigravity-engine/internal/backtest/v3/orderbook_simulator.go:212.2,212.14 1 1
antigravity-engine/internal/backtest/v3/orderbook_simulator.go:216.47,220.21 4 1
antigravity-engine/internal/backtest/v3/orderbook_simulator.go:220.21,222.3 1 1
antigravity-engine/internal/backtest/v3/orderbook_simulator.go:224.2,224.48 1 1
antigravity-engine/internal/backtest/v3/orderbook_simulator.go:228.72,234.2 5 1
antigravity-engine/internal/backtest/v3/orderbook_simulator.go:237.40,238.12 1 1
antigravity-engine/internal/backtest/v3/orderbook_simulator.go:238.12,240.3 1 1
antigravity-engine/internal/backtest/v3/orderbook_simulator.go:241.2,241.12 1 1
antigravity-engine/internal/backtest/v3/orderbook_simulator.go:241.12,243.3 1 1
antigravity-engine/internal/backtest/v3/orderbook_simulator.go:244.2,244.10 1 1
antigravity-engine/internal/backtest/v3/orderbook_simulator.go:253.51,255.2 1 1
antigravity-engine/internal/backtest/v3/orderbook_simulator.go:257.46,258.28 1 1
antigravity-engine/internal/backtest/v3/orderbook_simulator.go:258.28,260.3 1 1
antigravity-engine/internal/backtest/v3/orderbook_simulator.go:261.2,261.36 1 1
antigravity-engine/internal/backtest/v3/orderbook_simulator.go:265.52,266.23 1 1
antigravity-engine/internal/backtest/v3/orderbook_simulator.go:266.23,268.3 1 1
antigravity-engine/internal/backtest/v3/orderbook_simulator.go:269.2,270.37 2 1
antigravity-engine/internal/backtest/v3/orderbook_simulator.go:270.37,271.24 1 1
antigravity-engine/internal/backtest/v3/orderbook_simulator.go:271.24,273.4 1 1
antigravity-engine/internal/backtest/v3/orderbook_simulator.go:275.2,275.23 1 1
antigravity-engine/internal/backtest/v3/orderbook_simulator.go:275.23,277.3 1 0
antigravity-engine/internal/backtest/v3/orderbook_simulator.go:278.2,279.28 2 1
antigravity-engine/internal/backtest/v3/orderbook_simulator.go:279.28,282.3 2 1
antigravity-engine/internal/backtest/v3/orderbook_simulator.go:283.2,287.38 5 1
antigravity-engine/internal/backtest/v3/orderbook_simulator.go:291.51,293.37 2 0
antigravity-engine/internal/backtest/v3/orderbook_simulator.go:293.37,293.73 1 0
antigravity-engine/internal/backtest/v3/orderbook_simulator.go:294.2,294.11 1 0
antigravity-engine/internal/backtest/v3/orderbook_simulator.go:298.51,300.37 2 0
antigravity-engine/internal/backtest/v3/orderbook_simulator.go:300.37,300.73 1 0
antigravity-engine/internal/backtest/v3/orderbook_simulator.go:301.2,301.11 1 0
antigravity-engine/internal/backtest/v3/queue_position.go:46.52,51.2 1 1
antigravity-engine/internal/backtest/v3/queue_position.go:54.96,55.28 1 1
antigravity-engine/internal/backtest/v3/queue_position.go:55.28,57.3 1 1
antigravity-engine/internal/backtest/v3/queue_position.go:59.2,59.69 1 1
antigravity-engine/internal/backtest/v3/queue_position.go:59.69,61.3 1 1
antigravity-engine/internal/backtest/v3/queue_position.go:62.2,62.70 1 1
antigravity-engine/internal/backtest/v3/queue_position.go:62.70,64.3 1 1
antigravity-engine/internal/backtest/v3/queue_position.go:65.2,65.19 1 1
antigravity-engine/internal/backtest/v3/queue_position.go:69.118,72.25 2 1
antigravity-engine/internal/backtest/v3/queue_position.go:72.25,83.3 3 1
antigravity-engine/internal/backtest/v3/queue_position.go:86.2,88.19 3 1
antigravity-engine/internal/backtest/v3/queue_position.go:88.19,90.3 1 0
antigravity-engine/internal/backtest/v3/queue_position.go:93.2,93.28 1 1
antigravity-engine/internal/backtest/v3/queue_position.go:93.28,95.3 1 1
antigravity-engine/internal/backtest/v3/queue_position.go:96.2,104.26 5 1
antigravity-engine/internal/backtest/v3/queue_position.go:104.26,106.3 1 1
antigravity-engine/internal/backtest/v3/queue_position.go:108.2,118.3 2 1
antigravity-engine/internal/backtest/v3/queue_position.go:123.98,125.42 2 1
antigravity-engine/internal/backtest/v3/queue_position.go:125.42,126.26 1 1
antigravity-engine/internal/backtest/v3/queue_position.go:126.26,128.4 1 1
antigravity-engine/internal/backtest/v3/queue_position.go:128.9,130.4 1 0
antigravity-engine/internal/backtest/v3/queue_position.go:132.2,137.37 4 1
antigravity-engine/internal/backtest/v3/queue_position.go:142.124,156.2 6 1
antigravity-engine/internal/backtest/v3/queue_position.go:159.93,161.18 2 1
antigravity-engine/internal/backtest/v3/queue_position.go:161.18,163.3 1 0
antigravity-engine/internal/backtest/v3/queue_position.go:164.2,173.3 1 1
antigravity-engine/internal/backtest/v3/queue_position.go:178.138,179.20 1 1
antigravity-engine/internal/backtest/v3/queue_position.go:179.20,181.22 1 1
antigravity-engine/internal/backtest/v3/queue_position.go:181.22,183.4 1 1
antigravity-engine/internal/backtest/v3/queue_position.go:184.3,191.5 1 1
antigravity-engine/internal/backtest/v3/queue_position.go:195.2,202.30 7 0
antigravity-engine/internal/backtest/v3/queue_position.go:202.30,204.46 2 0
antigravity-engine/internal/backtest/v3/queue_position.go:204.46,205.9 1 0
antigravity-engine/internal/backtest/v3/queue_position.go:207.3,209.20 3 0
antigravity-engine/internal/backtest/v3/queue_position.go:209.20,211.4 1 0
antigravity-engine/internal/backtest/v3/queue_position.go:212.3,219.5 1 0
antigravity-engine/internal/backtest/v3/queue_position.go:221.2,221.15 1 0
antigravity-engine/internal/backtest/v3/stress_engine.go:80.57,82.2 1 1
antigravity-engine/internal/backtest/v3/stress_engine.go:91.85,94.27 3 1
antigravity-engine/internal/backtest/v3/stress_engine.go:94.27,96.10 2 1
antigravity-engine/internal/backtest/v3/stress_engine.go:96.10,97.12 1 0
antigravity-engine/internal/backtest/v3/stress_engine.go:99.3,105.38 3 1
antigravity-engine/internal/backtest/v3/stress_engine.go:107.2,107.15 1 1
antigravity-engine/internal/backtest/v3/stress_engine.go:111.90,113.9 2 1
antigravity-engine/internal/backtest/v3/stress_engine.go:113.9,115.3 1 0
antigravity-engine/internal/backtest/v3/stress_engine.go:116.2,121.12 2 1
antigravity-engine/internal/backtest/v3/stress_engine.go:125.64,127.29 2 1
antigravity-engine/internal/backtest/v3/stress_engine.go:127.29,128.21 1 1
antigravity-engine/internal/backtest/v3/stress_engine.go:128.21,130.4 1 1
antigravity-engine/internal/backtest/v3/stress_engine.go:132.2,132.15 1 1
antigravity-engine/internal/backtest/v3/stress_engine.go:136.58,137.36 1 1
antigravity-engine/internal/backtest/v3/stress_engine.go:137.36,138.23 1 1
antigravity-engine/internal/backtest/v3/stress_engine.go:138.23,140.4 1 1
antigravity-engine/internal/backtest/v3/stress_engine.go:142.2,142.14 1 1
antigravity-engine/internal/backtest/v3/stress_engine.go:147.91,150.36 3 1
antigravity-engine/internal/backtest/v3/stress_engine.go:150.36,151.39 1 1
antigravity-engine/internal/backtest/v3/stress_engine.go:151.39,153.4 1 1
antigravity-engine/internal/backtest/v3/stress_engine.go:154.3,154.63 1 1
antigravity-engine/internal/backtest/v3/stress_engine.go:154.63,156.4 1 1
antigravity-engine/internal/backtest/v3/stress_engine.go:158.2,158.8 1 1
antigravity-engine/internal/backtest/v3/stress_engine.go:162.62,164.36 2 1
antigravity-engine/internal/backtest/v3/stress_engine.go:164.36,166.3 1 1
antigravity-engine/internal/backtest/v3/stress_engine.go:167.2,167.12 1 1
antigravity-engine/internal/backtest/v3/stress_engine.go:193.84,195.42 2 1
antigravity-engine/internal/backtest/v3/stress_engine.go:195.42,198.3 2 1
antigravity-engine/internal/backtest/v3/stress_engine.go:200.2,201.28 2 1
antigravity-engine/internal/backtest/v3/stress_engine.go:201.28,203.36 2 1
antigravity-engine/internal/backtest/v3/stress_engine.go:203.36,208.4 1 1
antigravity-engine/internal/backtest/v3/stress_engine.go:211.2,214.27 3 1
antigravity-engine/internal/backtest/v3/stress_engine.go:214.27,215.29 1 1
antigravity-engine/internal/backtest/v3/stress_engine.go:215.29,216.58 1 1
antigravity-engine/internal/backtest/v3/stress_engine.go:216.58,221.28 5 0
antigravity-engine/internal/backtest/v3/stress_engine.go:221.28,223.6 1 0
antigravity-engine/internal/backtest/v3/stress_engine.go:228.2,230.31 3 1
antigravity-engine/internal/backtest/v3/stress_engine.go:230.31,237.19 7 1
antigravity-engine/internal/backtest/v3/stress_engine.go:237.19,240.4 2 0
antigravity-engine/internal/backtest/v3/stress_engine.go:241.3,241.62 1 1
antigravity-engine/internal/backtest/v3/stress_engine.go:244.2,244.15 1 1
antigravity-engine/internal/backtest/v3/stress_engine.go:244.15,246.3 1 1
antigravity-engine/internal/backtest/v3/stress_engine.go:247.2,249.15 3 1
antigravity-engine/internal/backtest/v3/stress_engine.go:252.110,254.28 2 1
antigravity-engine/internal/backtest/v3/stress_engine.go:254.28,255.52 1 1
antigravity-engine/internal/backtest/v3/stress_engine.go:255.52,256.12 1 1
antigravity-engine/internal/backtest/v3/stress_engine.go:258.3,258.28 1 1
antigravity-engine/internal/backtest/v3/stress_engine.go:258.28,259.31 1 1
antigravity-engine/internal/backtest/v3/stress_engine.go:259.31,261.5 1 0
antigravity-engine/internal/backtest/v3/stress_engine.go:264.2,264.13 1 1
antigravity-engine/internal/backtest/v3/stress_engine.go:267.49,268.20 1 1
antigravity-engine/internal/backtest/v3/stress_engine.go:268.20,270.3 1 1
antigravity-engine/internal/backtest/v3/stress_engine.go:271.2,272.25 2 0
antigravity-engine/internal/backtest/v3/stress_engine.go:272.25,274.20 2 0
antigravity-engine/internal/backtest/v3/stress_engine.go:274.20,276.4 1 0
antigravity-engine/internal/backtest/v3/stress_engine.go:277.3,278.17 2 0
antigravity-engine/internal/backtest/v3/stress_engine.go:278.17,280.4 1 0
antigravity-engine/internal/backtest/v3/stress_engine.go:282.2,282.14 1 0
antigravity-engine/internal/backtest/v3/stress_engine.go:282.14,284.3 1 0
antigravity-engine/internal/backtest/v3/stress_engine.go:285.2,285.10 1 0
