// Vitest Snapshot v1, https://vitest.dev/guide/snapshot.html

exports[`runPaperDeskReplay > golden: 100-bar fixture → stable trade count and first clientTradeId 1`] = `
{
  "finalBalance": 1011.6947,
  "firstClientTradeId": "bcd75408-22e0-493c-8000-07e65fa3d",
  "stats": {
    "count": 11,
    "exitReasonCounts": {
      "PROFIT_LOCK": 7,
      "SL": 4,
    },
    "expectancy": 1.2449763674592693,
    "sumNet": 13.694740042051963,
  },
  "tradeCount": 11,
  "trades": [
    {
      "clientTradeId": "bcd75408-22e0-493c-8000-07e65fa3d",
      "exitReason": "SL",
      "netPnl": -0.1,
      "strategyId": 112,
    },
    {
      "clientTradeId": "ed4be651-737c-48a0-8000-02ff94864",
      "exitReason": "SL",
      "netPnl": -0.0053,
      "strategyId": 111,
    },
    {
      "clientTradeId": "16f0f1c9-88c7-431b-8000-0d4425ffc",
      "exitReason": "SL",
      "netPnl": -0.1,
      "strategyId": 111,
    },
    {
      "clientTradeId": "3676212c-a841-439d-8000-0f4c48f19",
      "exitReason": "PROFIT_LOCK",
      "netPnl": 2,
      "strategyId": 112,
    },
    {
      "clientTradeId": "2ea6f50d-b091-4b4d-8000-0ec145b38",
      "exitReason": "PROFIT_LOCK",
      "netPnl": 2,
      "strategyId": 112,
    },
    {
      "clientTradeId": "c064d893-5e53-458f-8000-002d676a6",
      "exitReason": "PROFIT_LOCK",
      "netPnl": 2,
      "strategyId": 112,
    },
    {
      "clientTradeId": "787e63bc-e649-4d95-8000-0bacccd89",
      "exitReason": "PROFIT_LOCK",
      "netPnl": 2,
      "strategyId": 112,
    },
    {
      "clientTradeId": "cf2619fa-5111-4acd-8000-00d94b7cf",
      "exitReason": "SL",
      "netPnl": -0.1,
      "strategyId": 112,
    },
    {
      "clientTradeId": "af39da32-310e-4ad2-8000-06d8b7407",
      "exitReason": "PROFIT_LOCK",
      "netPnl": 2,
      "strategyId": 111,
    },
    {
      "clientTradeId": "a5da20ca-3bed-4031-8000-067688eff",
      "exitReason": "PROFIT_LOCK",
      "netPnl": 2,
      "strategyId": 111,
    },
    {
      "clientTradeId": "a12d009c-3f1a-44c6-8000-0639faea9",
      "exitReason": "PROFIT_LOCK",
      "netPnl": 2,
      "strategyId": 111,
    },
  ],
}
`;
