// Vitest Snapshot v1, https://vitest.dev/guide/snapshot.html

exports[`runPaperDeskReplay > golden: 100-bar fixture → stable trade count and first clientTradeId 1`] = `
{
  "finalBalance": 1009.87,
  "firstClientTradeId": "bcd75408-22e0-493c-8000-07e65fa3d",
  "stats": {
    "count": 8,
    "exitReasonCounts": {
      "PROFIT_LOCK": 6,
      "SL": 2,
    },
    "expectancy": 1.4837500000000001,
    "sumNet": 11.870000000000001,
  },
  "tradeCount": 8,
  "trades": [
    {
      "clientTradeId": "bcd75408-22e0-493c-8000-07e65fa3d",
      "exitReason": "SL",
      "netPnl": -0.065,
      "strategyId": 112,
    },
    {
      "clientTradeId": "bd5bf61e-236c-48b0-8000-07fe9582b",
      "exitReason": "PROFIT_LOCK",
      "netPnl": 2,
      "strategyId": 111,
    },
    {
      "clientTradeId": "3676212c-a841-439d-8000-0f4c48f19",
      "exitReason": "PROFIT_LOCK",
      "netPnl": 2,
      "strategyId": 112,
    },
    {
      "clientTradeId": "026f6ddc-9c58-4784-8000-0c0ddc3e9",
      "exitReason": "PROFIT_LOCK",
      "netPnl": 2,
      "strategyId": 112,
    },
    {
      "clientTradeId": "50874473-ceb0-456c-8000-09235ea46",
      "exitReason": "PROFIT_LOCK",
      "netPnl": 2,
      "strategyId": 112,
    },
    {
      "clientTradeId": "cf2619fa-5111-4acd-8000-00d94b7cf",
      "exitReason": "SL",
      "netPnl": -0.065,
      "strategyId": 112,
    },
    {
      "clientTradeId": "af39da32-310e-4ad2-8000-06d8b7407",
      "exitReason": "PROFIT_LOCK",
      "netPnl": 2,
      "strategyId": 111,
    },
    {
      "clientTradeId": "50423454-ce75-45a9-8000-092f09a61",
      "exitReason": "PROFIT_LOCK",
      "netPnl": 2,
      "strategyId": 111,
    },
  ],
}
`;
